<html>
	<head>
		<title>Test Note 3</title>
		<meta name='date' content='2015-10-19 20:17' />
		<meta name='tags' content=' ' />
	</head>
	<body>
		
	</body>
</html>
