<html>
	<head>
		<title>Test Page 3</title>
	</head>
	<body>
		
	</body>
</html>
